core_cm0.h:629:22:NVIC_EnableIRQ	16	static
Library.c:26:6:init_Ports	8	static
Library.c:60:6:init_PWM	16	static
Library.c:77:6:init_ADC	8	static
Library.c:88:5:ADC_input	16	static
Library.c:96:5:ADC_AWD_check	8	static
Library.c:105:6:ADC_AWD_8bit	24	static
Library.c:119:5:ADC_DATA	8	static
Library.c:127:6:libs_delay	16	static
Library.c:134:5:libs_check_button_GPIOA	16	static
Library.c:141:5:libs_check_button_GPIOB	16	static
Library.c:149:6:libs_debounce	16	static
Library.c:155:6:libs_init_TIM6	16	static
Library.c:167:6:libs_ack_irq	8	static
Library.c:172:6:init_EXTI	8	static
Library.c:182:6:libs_init_USART1	16	static
Library.c:201:6:USART1_transmit	16	static
Library.c:208:15:USART1_receive	16	static
Library.c:216:6:lock_crystal	8	static
Library.c:229:6:unlock_crystal	8	static
Library.c:235:6:PWM	8	static
