main.c:62:6:initialiseValues	16	static
main.c:76:6:pwmInitialization	24	static
main.c:87:6:PWMupdate	24	static
main.c:99:6:sensorReadAndSend	24	static
main.c:123:6:UARTdelay	16	static
main.c:136:6:TIM6_DAC_IRQHandler	8	static
main.c:146:6:tidalStepUpdate	16	static
main.c:151:6:senesorCheck	8	static
main.c:163:6:EXTI_state_1	8	static
main.c:176:6:EXTI_state_2	16	static
main.c:212:6:EXTI0_1_IRQHandler	8	static
main.c:230:6:state_0	8	static
main.c:243:6:state_1	8	static
main.c:262:6:state_2	8	static
main.c:274:5:main	8	static
