Archive member included to satisfy reference by file (symbol)

c:/program files (x86)/atollic/truestudio for stm32 9.3.0/armtools/bin/../lib/gcc/arm-atollic-eabi/6.3.1/../../../../arm-atollic-eabi/lib/armv6-m\libc_nano.a(lib_a-init.o)
                              src\startup_stm32f051x8.o (__libc_init_array)
c:/program files (x86)/atollic/truestudio for stm32 9.3.0/armtools/bin/../lib/gcc/arm-atollic-eabi/6.3.1/../../../../arm-atollic-eabi/lib/armv6-m\libc_nano.a(lib_a-strlen.o)
                              src\tiny_printf.o (strlen)
c:/program files (x86)/atollic/truestudio for stm32 9.3.0/armtools/bin/../lib/gcc/arm-atollic-eabi/6.3.1/armv6-m\libgcc.a(_udivsi3.o)
                              src\Library.o (__aeabi_uidiv)
c:/program files (x86)/atollic/truestudio for stm32 9.3.0/armtools/bin/../lib/gcc/arm-atollic-eabi/6.3.1/armv6-m\libgcc.a(_divsi3.o)
                              src\ftoa.o (__aeabi_idiv)
c:/program files (x86)/atollic/truestudio for stm32 9.3.0/armtools/bin/../lib/gcc/arm-atollic-eabi/6.3.1/armv6-m\libgcc.a(_dvmd_tls.o)
                              c:/program files (x86)/atollic/truestudio for stm32 9.3.0/armtools/bin/../lib/gcc/arm-atollic-eabi/6.3.1/armv6-m\libgcc.a(_udivsi3.o) (__aeabi_idiv0)
c:/program files (x86)/atollic/truestudio for stm32 9.3.0/armtools/bin/../lib/gcc/arm-atollic-eabi/6.3.1/armv6-m\libgcc.a(_arm_cmpdf2.o)
                              src\ftoa.o (__aeabi_dcmplt)
c:/program files (x86)/atollic/truestudio for stm32 9.3.0/armtools/bin/../lib/gcc/arm-atollic-eabi/6.3.1/armv6-m\libgcc.a(_fixunsdfsi.o)
                              src\ftoa.o (__aeabi_d2uiz)
c:/program files (x86)/atollic/truestudio for stm32 9.3.0/armtools/bin/../lib/gcc/arm-atollic-eabi/6.3.1/armv6-m\libgcc.a(adddf3.o)
                              src\ftoa.o (__aeabi_dadd)
c:/program files (x86)/atollic/truestudio for stm32 9.3.0/armtools/bin/../lib/gcc/arm-atollic-eabi/6.3.1/armv6-m\libgcc.a(divdf3.o)
                              src\main.o (__aeabi_ddiv)
c:/program files (x86)/atollic/truestudio for stm32 9.3.0/armtools/bin/../lib/gcc/arm-atollic-eabi/6.3.1/armv6-m\libgcc.a(eqdf2.o)
                              c:/program files (x86)/atollic/truestudio for stm32 9.3.0/armtools/bin/../lib/gcc/arm-atollic-eabi/6.3.1/armv6-m\libgcc.a(_arm_cmpdf2.o) (__eqdf2)
c:/program files (x86)/atollic/truestudio for stm32 9.3.0/armtools/bin/../lib/gcc/arm-atollic-eabi/6.3.1/armv6-m\libgcc.a(gedf2.o)
                              c:/program files (x86)/atollic/truestudio for stm32 9.3.0/armtools/bin/../lib/gcc/arm-atollic-eabi/6.3.1/armv6-m\libgcc.a(_arm_cmpdf2.o) (__gedf2)
c:/program files (x86)/atollic/truestudio for stm32 9.3.0/armtools/bin/../lib/gcc/arm-atollic-eabi/6.3.1/armv6-m\libgcc.a(ledf2.o)
                              c:/program files (x86)/atollic/truestudio for stm32 9.3.0/armtools/bin/../lib/gcc/arm-atollic-eabi/6.3.1/armv6-m\libgcc.a(_arm_cmpdf2.o) (__ledf2)
c:/program files (x86)/atollic/truestudio for stm32 9.3.0/armtools/bin/../lib/gcc/arm-atollic-eabi/6.3.1/armv6-m\libgcc.a(muldf3.o)
                              src\ftoa.o (__aeabi_dmul)
c:/program files (x86)/atollic/truestudio for stm32 9.3.0/armtools/bin/../lib/gcc/arm-atollic-eabi/6.3.1/armv6-m\libgcc.a(subdf3.o)
                              src\ftoa.o (__aeabi_dsub)
c:/program files (x86)/atollic/truestudio for stm32 9.3.0/armtools/bin/../lib/gcc/arm-atollic-eabi/6.3.1/armv6-m\libgcc.a(fixdfsi.o)
                              src\ftoa.o (__aeabi_d2iz)
c:/program files (x86)/atollic/truestudio for stm32 9.3.0/armtools/bin/../lib/gcc/arm-atollic-eabi/6.3.1/armv6-m\libgcc.a(floatsidf.o)
                              src\ftoa.o (__aeabi_i2d)
c:/program files (x86)/atollic/truestudio for stm32 9.3.0/armtools/bin/../lib/gcc/arm-atollic-eabi/6.3.1/armv6-m\libgcc.a(_clzsi2.o)
                              c:/program files (x86)/atollic/truestudio for stm32 9.3.0/armtools/bin/../lib/gcc/arm-atollic-eabi/6.3.1/armv6-m\libgcc.a(adddf3.o) (__clzsi2)
c:/program files (x86)/atollic/truestudio for stm32 9.3.0/armtools/bin/../lib/gcc/arm-atollic-eabi/6.3.1/../../../../arm-atollic-eabi/lib/armv6-m\libnosys.a(write.o)
                              src\tiny_printf.o (_write)
c:/program files (x86)/atollic/truestudio for stm32 9.3.0/armtools/bin/../lib/gcc/arm-atollic-eabi/6.3.1/../../../../arm-atollic-eabi/lib/armv6-m\libnosys.a(errno.o)
                              c:/program files (x86)/atollic/truestudio for stm32 9.3.0/armtools/bin/../lib/gcc/arm-atollic-eabi/6.3.1/../../../../arm-atollic-eabi/lib/armv6-m\libnosys.a(write.o) (errno)

Allocating common symbols
Common symbol       size              file

ARR_top             0x8               src\main.o
uartCounter         0x4               src\main.o
errno               0x4               c:/program files (x86)/atollic/truestudio for stm32 9.3.0/armtools/bin/../lib/gcc/arm-atollic-eabi/6.3.1/../../../../arm-atollic-eabi/lib/armv6-m\libnosys.a(errno.o)
load_cell_1         0x4               src\main.o
BPM_control         0x8               src\main.o
state               0x4               src\main.o
tidalInputSteps     0x4               src\main.o
tidalStepMultiplier
                    0x4               src\main.o
peep_pressure       0x4               src\main.o
tidalCounter        0x4               src\main.o
UART_counter        0x4               src\main.o
volume_control      0x8               src\main.o
bellow_pressure     0x4               src\main.o
ARR_bottom          0x8               src\main.o
load_cell_2         0x4               src\main.o
ARR_Val             0x8               src\main.o
pauseDelayCounter   0x4               src\main.o
directionIndicator  0x4               src\main.o
flow_sensor         0x4               src\main.o
pauseDelay          0x4               src\main.o

Discarded input sections

 .text          0x00000000        0x0 c:/program files (x86)/atollic/truestudio for stm32 9.3.0/armtools/bin/../lib/gcc/arm-atollic-eabi/6.3.1/armv6-m/crti.o
 .data          0x00000000        0x0 c:/program files (x86)/atollic/truestudio for stm32 9.3.0/armtools/bin/../lib/gcc/arm-atollic-eabi/6.3.1/armv6-m/crti.o
 .bss           0x00000000        0x0 c:/program files (x86)/atollic/truestudio for stm32 9.3.0/armtools/bin/../lib/gcc/arm-atollic-eabi/6.3.1/armv6-m/crti.o
 .data          0x00000000        0x4 c:/program files (x86)/atollic/truestudio for stm32 9.3.0/armtools/bin/../lib/gcc/arm-atollic-eabi/6.3.1/armv6-m/crtbegin.o
 .text          0x00000000        0x0 src\Library.o
 .data          0x00000000        0x0 src\Library.o
 .bss           0x00000000        0x0 src\Library.o
 .text.ADC_AWD_check
                0x00000000       0x14 src\Library.o
 .text.ADC_AWD_8bit
                0x00000000       0x68 src\Library.o
 .text.ADC_DATA
                0x00000000       0x2c src\Library.o
 .text.libs_delay
                0x00000000       0x2c src\Library.o
 .text.libs_check_button_GPIOB
                0x00000000       0x30 src\Library.o
 .text.USART1_receive
                0x00000000       0x3c src\Library.o
 .text.lock_crystal
                0x00000000       0x84 src\Library.o
 .text.unlock_crystal
                0x00000000       0x38 src\Library.o
 .text.PWM      0x00000000       0xe0 src\Library.o
 .text          0x00000000        0x0 src\ftoa.o
 .data          0x00000000        0x0 src\ftoa.o
 .bss           0x00000000        0x0 src\ftoa.o
 .rodata.rounders
                0x00000000       0x58 src\ftoa.o
 .text.ftoa     0x00000000      0x248 src\ftoa.o
 .debug_info    0x00000000       0xfd src\ftoa.o
 .debug_abbrev  0x00000000       0xa4 src\ftoa.o
 .debug_aranges
                0x00000000       0x20 src\ftoa.o
 .debug_ranges  0x00000000       0x10 src\ftoa.o
 .debug_line    0x00000000       0x96 src\ftoa.o
 .debug_str     0x00000000      0x187 src\ftoa.o
 .comment       0x00000000       0x7d src\ftoa.o
 .debug_frame   0x00000000       0x30 src\ftoa.o
 .ARM.attributes
                0x00000000       0x31 src\ftoa.o
 .text          0x00000000        0x0 src\lcd_stm32f0.o
 .data          0x00000000        0x0 src\lcd_stm32f0.o
 .bss           0x00000000        0x0 src\lcd_stm32f0.o
 .text.lcd_command
                0x00000000      0x1a0 src\lcd_stm32f0.o
 .text.init_LCD
                0x00000000       0x98 src\lcd_stm32f0.o
 .text.lcd_putchar
                0x00000000      0x194 src\lcd_stm32f0.o
 .text.lcd_putstring
                0x00000000       0x4a src\lcd_stm32f0.o
 .text.pulse_strobe
                0x00000000       0x4c src\lcd_stm32f0.o
 .text.delay    0x00000000       0x32 src\lcd_stm32f0.o
 .debug_info    0x00000000      0x34f src\lcd_stm32f0.o
 .debug_abbrev  0x00000000      0x16c src\lcd_stm32f0.o
 .debug_aranges
                0x00000000       0x48 src\lcd_stm32f0.o
 .debug_ranges  0x00000000       0x38 src\lcd_stm32f0.o
 .debug_line    0x00000000      0x23a src\lcd_stm32f0.o
 .debug_str     0x00000000      0x331 src\lcd_stm32f0.o
 .comment       0x00000000       0x7d src\lcd_stm32f0.o
 .debug_frame   0x00000000       0xc8 src\lcd_stm32f0.o
 .ARM.attributes
                0x00000000       0x31 src\lcd_stm32f0.o
 .text          0x00000000        0x0 src\main.o
 .data          0x00000000        0x0 src\main.o
 .bss           0x00000000        0x0 src\main.o
 .bss.newCounter
                0x00000000        0x4 src\main.o
 .text          0x00000000       0x14 src\startup_stm32f051x8.o
 .data          0x00000000        0x0 src\startup_stm32f051x8.o
 .bss           0x00000000        0x0 src\startup_stm32f051x8.o
 .text          0x00000000        0x0 src\stm32f0xx_exti.o
 .data          0x00000000        0x0 src\stm32f0xx_exti.o
 .bss           0x00000000        0x0 src\stm32f0xx_exti.o
 .text.EXTI_DeInit
                0x00000000       0x34 src\stm32f0xx_exti.o
 .text.EXTI_Init
                0x00000000      0x160 src\stm32f0xx_exti.o
 .text.EXTI_StructInit
                0x00000000       0x28 src\stm32f0xx_exti.o
 .text.EXTI_GenerateSWInterrupt
                0x00000000       0x40 src\stm32f0xx_exti.o
 .text.EXTI_GetFlagStatus
                0x00000000       0xfc src\stm32f0xx_exti.o
 .text.EXTI_ClearFlag
                0x00000000       0x38 src\stm32f0xx_exti.o
 .text          0x00000000        0x0 src\system_stm32f0xx.o
 .data          0x00000000        0x0 src\system_stm32f0xx.o
 .bss           0x00000000        0x0 src\system_stm32f0xx.o
 .rodata.APBPrescTable
                0x00000000        0x8 src\system_stm32f0xx.o
 .text          0x00000000        0x0 src\tiny_printf.o
 .data          0x00000000        0x0 src\tiny_printf.o
 .bss           0x00000000        0x0 src\tiny_printf.o
 .text.ts_itoa  0x00000000       0x98 src\tiny_printf.o
 .text.ts_formatstring
                0x00000000      0x12c src\tiny_printf.o
 .text.ts_formatlength
                0x00000000       0xa8 src\tiny_printf.o
 .rodata.ts_formatlength
                0x00000000       0x84 src\tiny_printf.o
 .text.siprintf
                0x00000000       0x30 src\tiny_printf.o
 .text.fiprintf
                0x00000000       0xc8 src\tiny_printf.o
 .text.iprintf  0x00000000       0xc0 src\tiny_printf.o
 .rodata        0x00000000        0x2 src\tiny_printf.o
 .text.fputs    0x00000000       0x70 src\tiny_printf.o
 .text.puts     0x00000000       0x60 src\tiny_printf.o
 .text.fwrite   0x00000000       0x3a src\tiny_printf.o
 .debug_info    0x00000000      0xc78 src\tiny_printf.o
 .debug_abbrev  0x00000000      0x262 src\tiny_printf.o
 .debug_aranges
                0x00000000       0x60 src\tiny_printf.o
 .debug_ranges  0x00000000       0x50 src\tiny_printf.o
 .debug_line    0x00000000      0x2bf src\tiny_printf.o
 .debug_str     0x00000000      0x6c6 src\tiny_printf.o
 .comment       0x00000000       0x7d src\tiny_printf.o
 .debug_frame   0x00000000      0x140 src\tiny_printf.o
 .ARM.attributes
                0x00000000       0x31 src\tiny_printf.o
 .text          0x00000000        0x0 c:/program files (x86)/atollic/truestudio for stm32 9.3.0/armtools/bin/../lib/gcc/arm-atollic-eabi/6.3.1/../../../../arm-atollic-eabi/lib/armv6-m\libc_nano.a(lib_a-init.o)
 .data          0x00000000        0x0 c:/program files (x86)/atollic/truestudio for stm32 9.3.0/armtools/bin/../lib/gcc/arm-atollic-eabi/6.3.1/../../../../arm-atollic-eabi/lib/armv6-m\libc_nano.a(lib_a-init.o)
 .bss           0x00000000        0x0 c:/program files (x86)/atollic/truestudio for stm32 9.3.0/armtools/bin/../lib/gcc/arm-atollic-eabi/6.3.1/../../../../arm-atollic-eabi/lib/armv6-m\libc_nano.a(lib_a-init.o)
 .text          0x00000000        0xe c:/program files (x86)/atollic/truestudio for stm32 9.3.0/armtools/bin/../lib/gcc/arm-atollic-eabi/6.3.1/../../../../arm-atollic-eabi/lib/armv6-m\libc_nano.a(lib_a-strlen.o)
 .data          0x00000000        0x0 c:/program files (x86)/atollic/truestudio for stm32 9.3.0/armtools/bin/../lib/gcc/arm-atollic-eabi/6.3.1/../../../../arm-atollic-eabi/lib/armv6-m\libc_nano.a(lib_a-strlen.o)
 .bss           0x00000000        0x0 c:/program files (x86)/atollic/truestudio for stm32 9.3.0/armtools/bin/../lib/gcc/arm-atollic-eabi/6.3.1/../../../../arm-atollic-eabi/lib/armv6-m\libc_nano.a(lib_a-strlen.o)
 .ARM.attributes
                0x00000000       0x1c c:/program files (x86)/atollic/truestudio for stm32 9.3.0/armtools/bin/../lib/gcc/arm-atollic-eabi/6.3.1/../../../../arm-atollic-eabi/lib/armv6-m\libc_nano.a(lib_a-strlen.o)
 .data          0x00000000        0x0 c:/program files (x86)/atollic/truestudio for stm32 9.3.0/armtools/bin/../lib/gcc/arm-atollic-eabi/6.3.1/armv6-m\libgcc.a(_udivsi3.o)
 .bss           0x00000000        0x0 c:/program files (x86)/atollic/truestudio for stm32 9.3.0/armtools/bin/../lib/gcc/arm-atollic-eabi/6.3.1/armv6-m\libgcc.a(_udivsi3.o)
 .data          0x00000000        0x0 c:/program files (x86)/atollic/truestudio for stm32 9.3.0/armtools/bin/../lib/gcc/arm-atollic-eabi/6.3.1/armv6-m\libgcc.a(_divsi3.o)
 .bss           0x00000000        0x0 c:/program files (x86)/atollic/truestudio for stm32 9.3.0/armtools/bin/../lib/gcc/arm-atollic-eabi/6.3.1/armv6-m\libgcc.a(_divsi3.o)
 .data          0x00000000        0x0 c:/program files (x86)/atollic/truestudio for stm32 9.3.0/armtools/bin/../lib/gcc/arm-atollic-eabi/6.3.1/armv6-m\libgcc.a(_dvmd_tls.o)
 .bss           0x00000000        0x0 c:/program files (x86)/atollic/truestudio for stm32 9.3.0/armtools/bin/../lib/gcc/arm-atollic-eabi/6.3.1/armv6-m\libgcc.a(_dvmd_tls.o)
 .data          0x00000000        0x0 c:/program files (x86)/atollic/truestudio for stm32 9.3.0/armtools/bin/../lib/gcc/arm-atollic-eabi/6.3.1/armv6-m\libgcc.a(_arm_cmpdf2.o)
 .bss           0x00000000        0x0 c:/program files (x86)/atollic/truestudio for stm32 9.3.0/armtools/bin/../lib/gcc/arm-atollic-eabi/6.3.1/armv6-m\libgcc.a(_arm_cmpdf2.o)
 .data          0x00000000        0x0 c:/program files (x86)/atollic/truestudio for stm32 9.3.0/armtools/bin/../lib/gcc/arm-atollic-eabi/6.3.1/armv6-m\libgcc.a(_fixunsdfsi.o)
 .bss           0x00000000        0x0 c:/program files (x86)/atollic/truestudio for stm32 9.3.0/armtools/bin/../lib/gcc/arm-atollic-eabi/6.3.1/armv6-m\libgcc.a(_fixunsdfsi.o)
 .text          0x00000000      0x620 c:/program files (x86)/atollic/truestudio for stm32 9.3.0/armtools/bin/../lib/gcc/arm-atollic-eabi/6.3.1/armv6-m\libgcc.a(adddf3.o)
 .data          0x00000000        0x0 c:/program files (x86)/atollic/truestudio for stm32 9.3.0/armtools/bin/../lib/gcc/arm-atollic-eabi/6.3.1/armv6-m\libgcc.a(adddf3.o)
 .bss           0x00000000        0x0 c:/program files (x86)/atollic/truestudio for stm32 9.3.0/armtools/bin/../lib/gcc/arm-atollic-eabi/6.3.1/armv6-m\libgcc.a(adddf3.o)
 .debug_frame   0x00000000       0x3c c:/program files (x86)/atollic/truestudio for stm32 9.3.0/armtools/bin/../lib/gcc/arm-atollic-eabi/6.3.1/armv6-m\libgcc.a(adddf3.o)
 .ARM.attributes
                0x00000000       0x2c c:/program files (x86)/atollic/truestudio for stm32 9.3.0/armtools/bin/../lib/gcc/arm-atollic-eabi/6.3.1/armv6-m\libgcc.a(adddf3.o)
 .data          0x00000000        0x0 c:/program files (x86)/atollic/truestudio for stm32 9.3.0/armtools/bin/../lib/gcc/arm-atollic-eabi/6.3.1/armv6-m\libgcc.a(divdf3.o)
 .bss           0x00000000        0x0 c:/program files (x86)/atollic/truestudio for stm32 9.3.0/armtools/bin/../lib/gcc/arm-atollic-eabi/6.3.1/armv6-m\libgcc.a(divdf3.o)
 .data          0x00000000        0x0 c:/program files (x86)/atollic/truestudio for stm32 9.3.0/armtools/bin/../lib/gcc/arm-atollic-eabi/6.3.1/armv6-m\libgcc.a(eqdf2.o)
 .bss           0x00000000        0x0 c:/program files (x86)/atollic/truestudio for stm32 9.3.0/armtools/bin/../lib/gcc/arm-atollic-eabi/6.3.1/armv6-m\libgcc.a(eqdf2.o)
 .data          0x00000000        0x0 c:/program files (x86)/atollic/truestudio for stm32 9.3.0/armtools/bin/../lib/gcc/arm-atollic-eabi/6.3.1/armv6-m\libgcc.a(gedf2.o)
 .bss           0x00000000        0x0 c:/program files (x86)/atollic/truestudio for stm32 9.3.0/armtools/bin/../lib/gcc/arm-atollic-eabi/6.3.1/armv6-m\libgcc.a(gedf2.o)
 .data          0x00000000        0x0 c:/program files (x86)/atollic/truestudio for stm32 9.3.0/armtools/bin/../lib/gcc/arm-atollic-eabi/6.3.1/armv6-m\libgcc.a(ledf2.o)
 .bss           0x00000000        0x0 c:/program files (x86)/atollic/truestudio for stm32 9.3.0/armtools/bin/../lib/gcc/arm-atollic-eabi/6.3.1/armv6-m\libgcc.a(ledf2.o)
 .data          0x00000000        0x0 c:/program files (x86)/atollic/truestudio for stm32 9.3.0/armtools/bin/../lib/gcc/arm-atollic-eabi/6.3.1/armv6-m\libgcc.a(muldf3.o)
 .bss           0x00000000        0x0 c:/program files (x86)/atollic/truestudio for stm32 9.3.0/armtools/bin/../lib/gcc/arm-atollic-eabi/6.3.1/armv6-m\libgcc.a(muldf3.o)
 .data          0x00000000        0x0 c:/program files (x86)/atollic/truestudio for stm32 9.3.0/armtools/bin/../lib/gcc/arm-atollic-eabi/6.3.1/armv6-m\libgcc.a(subdf3.o)
 .bss           0x00000000        0x0 c:/program files (x86)/atollic/truestudio for stm32 9.3.0/armtools/bin/../lib/gcc/arm-atollic-eabi/6.3.1/armv6-m\libgcc.a(subdf3.o)
 .data          0x00000000        0x0 c:/program files (x86)/atollic/truestudio for stm32 9.3.0/armtools/bin/../lib/gcc/arm-atollic-eabi/6.3.1/armv6-m\libgcc.a(fixdfsi.o)
 .bss           0x00000000        0x0 c:/program files (x86)/atollic/truestudio for stm32 9.3.0/armtools/bin/../lib/gcc/arm-atollic-eabi/6.3.1/armv6-m\libgcc.a(fixdfsi.o)
 .data          0x00000000        0x0 c:/program files (x86)/atollic/truestudio for stm32 9.3.0/armtools/bin/../lib/gcc/arm-atollic-eabi/6.3.1/armv6-m\libgcc.a(floatsidf.o)
 .bss           0x00000000        0x0 c:/program files (x86)/atollic/truestudio for stm32 9.3.0/armtools/bin/../lib/gcc/arm-atollic-eabi/6.3.1/armv6-m\libgcc.a(floatsidf.o)
 .data          0x00000000        0x0 c:/program files (x86)/atollic/truestudio for stm32 9.3.0/armtools/bin/../lib/gcc/arm-atollic-eabi/6.3.1/armv6-m\libgcc.a(_clzsi2.o)
 .bss           0x00000000        0x0 c:/program files (x86)/atollic/truestudio for stm32 9.3.0/armtools/bin/../lib/gcc/arm-atollic-eabi/6.3.1/armv6-m\libgcc.a(_clzsi2.o)
 .text          0x00000000        0x0 c:/program files (x86)/atollic/truestudio for stm32 9.3.0/armtools/bin/../lib/gcc/arm-atollic-eabi/6.3.1/../../../../arm-atollic-eabi/lib/armv6-m\libnosys.a(write.o)
 .data          0x00000000        0x0 c:/program files (x86)/atollic/truestudio for stm32 9.3.0/armtools/bin/../lib/gcc/arm-atollic-eabi/6.3.1/../../../../arm-atollic-eabi/lib/armv6-m\libnosys.a(write.o)
 .bss           0x00000000        0x0 c:/program files (x86)/atollic/truestudio for stm32 9.3.0/armtools/bin/../lib/gcc/arm-atollic-eabi/6.3.1/../../../../arm-atollic-eabi/lib/armv6-m\libnosys.a(write.o)
 .stab          0x00000000       0x24 c:/program files (x86)/atollic/truestudio for stm32 9.3.0/armtools/bin/../lib/gcc/arm-atollic-eabi/6.3.1/../../../../arm-atollic-eabi/lib/armv6-m\libnosys.a(write.o)
 .text._write   0x00000000       0x10 c:/program files (x86)/atollic/truestudio for stm32 9.3.0/armtools/bin/../lib/gcc/arm-atollic-eabi/6.3.1/../../../../arm-atollic-eabi/lib/armv6-m\libnosys.a(write.o)
 .debug_frame   0x00000000       0x20 c:/program files (x86)/atollic/truestudio for stm32 9.3.0/armtools/bin/../lib/gcc/arm-atollic-eabi/6.3.1/../../../../arm-atollic-eabi/lib/armv6-m\libnosys.a(write.o)
 .ARM.attributes
                0x00000000       0x2c c:/program files (x86)/atollic/truestudio for stm32 9.3.0/armtools/bin/../lib/gcc/arm-atollic-eabi/6.3.1/../../../../arm-atollic-eabi/lib/armv6-m\libnosys.a(write.o)
 .text          0x00000000        0x0 c:/program files (x86)/atollic/truestudio for stm32 9.3.0/armtools/bin/../lib/gcc/arm-atollic-eabi/6.3.1/../../../../arm-atollic-eabi/lib/armv6-m\libnosys.a(errno.o)
 .data          0x00000000        0x0 c:/program files (x86)/atollic/truestudio for stm32 9.3.0/armtools/bin/../lib/gcc/arm-atollic-eabi/6.3.1/../../../../arm-atollic-eabi/lib/armv6-m\libnosys.a(errno.o)
 .bss           0x00000000        0x0 c:/program files (x86)/atollic/truestudio for stm32 9.3.0/armtools/bin/../lib/gcc/arm-atollic-eabi/6.3.1/../../../../arm-atollic-eabi/lib/armv6-m\libnosys.a(errno.o)
 .ARM.attributes
                0x00000000       0x2c c:/program files (x86)/atollic/truestudio for stm32 9.3.0/armtools/bin/../lib/gcc/arm-atollic-eabi/6.3.1/../../../../arm-atollic-eabi/lib/armv6-m\libnosys.a(errno.o)
 COMMON         0x00000000        0x4 c:/program files (x86)/atollic/truestudio for stm32 9.3.0/armtools/bin/../lib/gcc/arm-atollic-eabi/6.3.1/../../../../arm-atollic-eabi/lib/armv6-m\libnosys.a(errno.o)
 .text          0x00000000        0x0 c:/program files (x86)/atollic/truestudio for stm32 9.3.0/armtools/bin/../lib/gcc/arm-atollic-eabi/6.3.1/armv6-m/crtend.o
 .data          0x00000000        0x0 c:/program files (x86)/atollic/truestudio for stm32 9.3.0/armtools/bin/../lib/gcc/arm-atollic-eabi/6.3.1/armv6-m/crtend.o
 .bss           0x00000000        0x0 c:/program files (x86)/atollic/truestudio for stm32 9.3.0/armtools/bin/../lib/gcc/arm-atollic-eabi/6.3.1/armv6-m/crtend.o
 .eh_frame      0x00000000        0x4 c:/program files (x86)/atollic/truestudio for stm32 9.3.0/armtools/bin/../lib/gcc/arm-atollic-eabi/6.3.1/armv6-m/crtend.o
 .ARM.attributes
                0x00000000       0x2c c:/program files (x86)/atollic/truestudio for stm32 9.3.0/armtools/bin/../lib/gcc/arm-atollic-eabi/6.3.1/armv6-m/crtend.o
 .text          0x00000000        0x0 c:/program files (x86)/atollic/truestudio for stm32 9.3.0/armtools/bin/../lib/gcc/arm-atollic-eabi/6.3.1/armv6-m/crtn.o
 .data          0x00000000        0x0 c:/program files (x86)/atollic/truestudio for stm32 9.3.0/armtools/bin/../lib/gcc/arm-atollic-eabi/6.3.1/armv6-m/crtn.o
 .bss           0x00000000        0x0 c:/program files (x86)/atollic/truestudio for stm32 9.3.0/armtools/bin/../lib/gcc/arm-atollic-eabi/6.3.1/armv6-m/crtn.o

Memory Configuration

Name             Origin             Length             Attributes
FLASH            0x08000000         0x00008000         xr
RAM              0x20000000         0x00002000         xrw
MEMORY_B1        0x60000000         0x00000000         xr
*default*        0x00000000         0xffffffff

Linker script and memory map

LOAD c:/program files (x86)/atollic/truestudio for stm32 9.3.0/armtools/bin/../lib/gcc/arm-atollic-eabi/6.3.1/armv6-m/crti.o
LOAD c:/program files (x86)/atollic/truestudio for stm32 9.3.0/armtools/bin/../lib/gcc/arm-atollic-eabi/6.3.1/armv6-m/crtbegin.o
LOAD src\Library.o
LOAD src\ftoa.o
LOAD src\lcd_stm32f0.o
LOAD src\main.o
LOAD src\startup_stm32f051x8.o
LOAD src\stm32f0xx_exti.o
LOAD src\system_stm32f0xx.o
LOAD src\tiny_printf.o
                0x00000080                malloc_getpagesize_P = 0x80
START GROUP
LOAD c:/program files (x86)/atollic/truestudio for stm32 9.3.0/armtools/bin/../lib/gcc/arm-atollic-eabi/6.3.1/../../../../arm-atollic-eabi/lib/armv6-m\libc_nano.a
LOAD c:/program files (x86)/atollic/truestudio for stm32 9.3.0/armtools/bin/../lib/gcc/arm-atollic-eabi/6.3.1/../../../../arm-atollic-eabi/lib/armv6-m\libm.a
END GROUP
START GROUP
LOAD c:/program files (x86)/atollic/truestudio for stm32 9.3.0/armtools/bin/../lib/gcc/arm-atollic-eabi/6.3.1/armv6-m\libgcc.a
LOAD c:/program files (x86)/atollic/truestudio for stm32 9.3.0/armtools/bin/../lib/gcc/arm-atollic-eabi/6.3.1/../../../../arm-atollic-eabi/lib/armv6-m\libc_nano.a
END GROUP
START GROUP
LOAD c:/program files (x86)/atollic/truestudio for stm32 9.3.0/armtools/bin/../lib/gcc/arm-atollic-eabi/6.3.1/armv6-m\libgcc.a
LOAD c:/program files (x86)/atollic/truestudio for stm32 9.3.0/armtools/bin/../lib/gcc/arm-atollic-eabi/6.3.1/../../../../arm-atollic-eabi/lib/armv6-m\libc_nano.a
LOAD c:/program files (x86)/atollic/truestudio for stm32 9.3.0/armtools/bin/../lib/gcc/arm-atollic-eabi/6.3.1/../../../../arm-atollic-eabi/lib/armv6-m\libnosys.a
END GROUP
START GROUP
LOAD c:/program files (x86)/atollic/truestudio for stm32 9.3.0/armtools/bin/../lib/gcc/arm-atollic-eabi/6.3.1/armv6-m\libgcc.a
LOAD c:/program files (x86)/atollic/truestudio for stm32 9.3.0/armtools/bin/../lib/gcc/arm-atollic-eabi/6.3.1/../../../../arm-atollic-eabi/lib/armv6-m\libc_nano.a
LOAD c:/program files (x86)/atollic/truestudio for stm32 9.3.0/armtools/bin/../lib/gcc/arm-atollic-eabi/6.3.1/../../../../arm-atollic-eabi/lib/armv6-m\libnosys.a
END GROUP
LOAD c:/program files (x86)/atollic/truestudio for stm32 9.3.0/armtools/bin/../lib/gcc/arm-atollic-eabi/6.3.1/armv6-m/crtend.o
LOAD c:/program files (x86)/atollic/truestudio for stm32 9.3.0/armtools/bin/../lib/gcc/arm-atollic-eabi/6.3.1/armv6-m/crtn.o
                0x20002000                _estack = 0x20002000
                0x00000000                _Min_Heap_Size = 0x0
                0x00000080                _Min_Stack_Size = 0x80

.isr_vector     0x08000000       0xc0
                0x08000000                . = ALIGN (0x4)
 *(.isr_vector)
 .isr_vector    0x08000000       0xc0 src\startup_stm32f051x8.o
                0x08000000                g_pfnVectors
                0x080000c0                . = ALIGN (0x4)

.text           0x080000c0     0x2874
                0x080000c0                . = ALIGN (0x4)
 *(.text)
 .text          0x080000c0       0x48 c:/program files (x86)/atollic/truestudio for stm32 9.3.0/armtools/bin/../lib/gcc/arm-atollic-eabi/6.3.1/armv6-m/crtbegin.o
 .text          0x08000108      0x114 c:/program files (x86)/atollic/truestudio for stm32 9.3.0/armtools/bin/../lib/gcc/arm-atollic-eabi/6.3.1/armv6-m\libgcc.a(_udivsi3.o)
                0x08000108                __aeabi_uidiv
                0x08000108                __udivsi3
                0x08000214                __aeabi_uidivmod
 .text          0x0800021c      0x1d4 c:/program files (x86)/atollic/truestudio for stm32 9.3.0/armtools/bin/../lib/gcc/arm-atollic-eabi/6.3.1/armv6-m\libgcc.a(_divsi3.o)
                0x0800021c                __divsi3
                0x0800021c                __aeabi_idiv
                0x080003e8                __aeabi_idivmod
 .text          0x080003f0        0x4 c:/program files (x86)/atollic/truestudio for stm32 9.3.0/armtools/bin/../lib/gcc/arm-atollic-eabi/6.3.1/armv6-m\libgcc.a(_dvmd_tls.o)
                0x080003f0                __aeabi_idiv0
                0x080003f0                __aeabi_ldiv0
 .text          0x080003f4       0x7c c:/program files (x86)/atollic/truestudio for stm32 9.3.0/armtools/bin/../lib/gcc/arm-atollic-eabi/6.3.1/armv6-m\libgcc.a(_arm_cmpdf2.o)
                0x080003f4                __aeabi_cdrcmple
                0x08000404                __aeabi_cdcmple
                0x08000404                __aeabi_cdcmpeq
                0x08000414                __aeabi_dcmpeq
                0x08000420                __aeabi_dcmplt
                0x08000434                __aeabi_dcmple
                0x08000448                __aeabi_dcmpgt
                0x0800045c                __aeabi_dcmpge
 .text          0x08000470       0x3c c:/program files (x86)/atollic/truestudio for stm32 9.3.0/armtools/bin/../lib/gcc/arm-atollic-eabi/6.3.1/armv6-m\libgcc.a(_fixunsdfsi.o)
                0x08000470                __aeabi_d2uiz
                0x08000470                __fixunsdfsi
 .text          0x080004ac      0x668 c:/program files (x86)/atollic/truestudio for stm32 9.3.0/armtools/bin/../lib/gcc/arm-atollic-eabi/6.3.1/armv6-m\libgcc.a(divdf3.o)
                0x080004ac                __aeabi_ddiv
 .text          0x08000b14       0x74 c:/program files (x86)/atollic/truestudio for stm32 9.3.0/armtools/bin/../lib/gcc/arm-atollic-eabi/6.3.1/armv6-m\libgcc.a(eqdf2.o)
                0x08000b14                __nedf2
                0x08000b14                __eqdf2
 .text          0x08000b88       0xc8 c:/program files (x86)/atollic/truestudio for stm32 9.3.0/armtools/bin/../lib/gcc/arm-atollic-eabi/6.3.1/armv6-m\libgcc.a(gedf2.o)
                0x08000b88                __gedf2
                0x08000b88                __gtdf2
 .text          0x08000c50       0xc4 c:/program files (x86)/atollic/truestudio for stm32 9.3.0/armtools/bin/../lib/gcc/arm-atollic-eabi/6.3.1/armv6-m\libgcc.a(ledf2.o)
                0x08000c50                __ledf2
                0x08000c50                __ltdf2
 .text          0x08000d14      0x500 c:/program files (x86)/atollic/truestudio for stm32 9.3.0/armtools/bin/../lib/gcc/arm-atollic-eabi/6.3.1/armv6-m\libgcc.a(muldf3.o)
                0x08000d14                __aeabi_dmul
 .text          0x08001214      0x62c c:/program files (x86)/atollic/truestudio for stm32 9.3.0/armtools/bin/../lib/gcc/arm-atollic-eabi/6.3.1/armv6-m\libgcc.a(subdf3.o)
                0x08001214                __aeabi_dsub
 .text          0x08001840       0x68 c:/program files (x86)/atollic/truestudio for stm32 9.3.0/armtools/bin/../lib/gcc/arm-atollic-eabi/6.3.1/armv6-m\libgcc.a(fixdfsi.o)
                0x08001840                __aeabi_d2iz
 .text          0x080018a8       0x84 c:/program files (x86)/atollic/truestudio for stm32 9.3.0/armtools/bin/../lib/gcc/arm-atollic-eabi/6.3.1/armv6-m\libgcc.a(floatsidf.o)
                0x080018a8                __aeabi_i2d
 .text          0x0800192c       0x3c c:/program files (x86)/atollic/truestudio for stm32 9.3.0/armtools/bin/../lib/gcc/arm-atollic-eabi/6.3.1/armv6-m\libgcc.a(_clzsi2.o)
                0x0800192c                __clzsi2
 *(.text*)
 .text.NVIC_EnableIRQ
                0x08001968       0x2c src\Library.o
 .text.init_Ports
                0x08001994      0x1ac src\Library.o
                0x08001994                init_Ports
 .text.init_PWM
                0x08001b40       0x94 src\Library.o
                0x08001b40                init_PWM
 .text.init_ADC
                0x08001bd4       0x58 src\Library.o
                0x08001bd4                init_ADC
 .text.ADC_input
                0x08001c2c       0x4c src\Library.o
                0x08001c2c                ADC_input
 .text.libs_check_button_GPIOA
                0x08001c78       0x2c src\Library.o
                0x08001c78                libs_check_button_GPIOA
 .text.libs_debounce
                0x08001ca4       0x24 src\Library.o
                0x08001ca4                libs_debounce
 .text.libs_init_TIM6
                0x08001cc8       0x68 src\Library.o
                0x08001cc8                libs_init_TIM6
 .text.libs_ack_irq
                0x08001d30       0x1c src\Library.o
                0x08001d30                libs_ack_irq
 .text.init_EXTI
                0x08001d4c       0x48 src\Library.o
                0x08001d4c                init_EXTI
 .text.libs_init_USART1
                0x08001d94       0xcc src\Library.o
                0x08001d94                libs_init_USART1
 .text.USART1_transmit
                0x08001e60       0x30 src\Library.o
                0x08001e60                USART1_transmit
 .text.initialiseValues
                0x08001e90       0xa4 src\main.o
                0x08001e90                initialiseValues
 .text.pwmInitialization
                0x08001f34      0x174 src\main.o
                0x08001f34                pwmInitialization
 .text.PWMupdate
                0x080020a8      0x144 src\main.o
                0x080020a8                PWMupdate
 .text.sensorReadAndSend
                0x080021ec       0x94 src\main.o
                0x080021ec                sensorReadAndSend
 .text.UARTdelay
                0x08002280       0x64 src\main.o
                0x08002280                UARTdelay
 .text.TIM6_DAC_IRQHandler
                0x080022e4       0x44 src\main.o
                0x080022e4                TIM6_DAC_IRQHandler
 .text.tidalStepUpdate
                0x08002328       0x70 src\main.o
                0x08002328                tidalStepUpdate
 .text.senesorCheck
                0x08002398       0x44 src\main.o
                0x08002398                senesorCheck
 .text.EXTI_state_1
                0x080023dc       0x6c src\main.o
                0x080023dc                EXTI_state_1
 .text.EXTI_state_2
                0x08002448      0x15c src\main.o
                0x08002448                EXTI_state_2
 .text.EXTI0_1_IRQHandler
                0x080025a4       0x38 src\main.o
                0x080025a4                EXTI0_1_IRQHandler
 .text.state_0  0x080025dc       0x2e src\main.o
                0x080025dc                state_0
 *fill*         0x0800260a        0x2 
 .text.state_1  0x0800260c       0x48 src\main.o
                0x0800260c                state_1
 .text.state_2  0x08002654       0x30 src\main.o
                0x08002654                state_2
 .text.main     0x08002684       0x2c src\main.o
                0x08002684                main
 .text.Reset_Handler
                0x080026b0       0x50 src\startup_stm32f051x8.o
                0x080026b0                Reset_Handler
 .text.Default_Handler
                0x08002700        0x2 src\startup_stm32f051x8.o
                0x08002700                TIM1_CC_IRQHandler
                0x08002700                TSC_IRQHandler
                0x08002700                HardFault_Handler
                0x08002700                ADC1_COMP_IRQHandler
                0x08002700                SysTick_Handler
                0x08002700                PVD_IRQHandler
                0x08002700                PendSV_Handler
                0x08002700                NMI_Handler
                0x08002700                I2C1_IRQHandler
                0x08002700                RCC_CRS_IRQHandler
                0x08002700                SPI1_IRQHandler
                0x08002700                EXTI2_3_IRQHandler
                0x08002700                I2C2_IRQHandler
                0x08002700                TIM17_IRQHandler
                0x08002700                CEC_CAN_IRQHandler
                0x08002700                RTC_IRQHandler
                0x08002700                TIM16_IRQHandler
                0x08002700                TIM3_IRQHandler
                0x08002700                EXTI4_15_IRQHandler
                0x08002700                DMA1_Channel1_IRQHandler
                0x08002700                Default_Handler
                0x08002700                TIM14_IRQHandler
                0x08002700                DMA1_Channel4_5_IRQHandler
                0x08002700                TIM15_IRQHandler
                0x08002700                SPI2_IRQHandler
                0x08002700                SVC_Handler
                0x08002700                WWDG_IRQHandler
                0x08002700                TIM2_IRQHandler
                0x08002700                DMA1_Channel2_3_IRQHandler
                0x08002700                USART2_IRQHandler
                0x08002700                FLASH_IRQHandler
                0x08002700                USART1_IRQHandler
                0x08002700                TIM1_BRK_UP_TRG_COM_IRQHandler
 *fill*         0x08002702        0x2 
 .text.EXTI_GetITStatus
                0x08002704       0x54 src\stm32f0xx_exti.o
                0x08002704                EXTI_GetITStatus
 .text.EXTI_ClearITPendingBit
                0x08002758       0x1c src\stm32f0xx_exti.o
                0x08002758                EXTI_ClearITPendingBit
 .text.SystemInit
                0x08002774       0x88 src\system_stm32f0xx.o
                0x08002774                SystemInit
 .text.SystemCoreClockUpdate
                0x080027fc       0xd8 src\system_stm32f0xx.o
                0x080027fc                SystemCoreClockUpdate
 .text.__libc_init_array
                0x080028d4       0x48 c:/program files (x86)/atollic/truestudio for stm32 9.3.0/armtools/bin/../lib/gcc/arm-atollic-eabi/6.3.1/../../../../arm-atollic-eabi/lib/armv6-m\libc_nano.a(lib_a-init.o)
                0x080028d4                __libc_init_array
 *(.glue_7)
 .glue_7        0x0800291c        0x0 linker stubs
 *(.glue_7t)
 .glue_7t       0x0800291c        0x0 linker stubs
 *(.eh_frame)
 .eh_frame      0x0800291c        0x0 c:/program files (x86)/atollic/truestudio for stm32 9.3.0/armtools/bin/../lib/gcc/arm-atollic-eabi/6.3.1/armv6-m/crtbegin.o
 *(.init)
 .init          0x0800291c        0x4 c:/program files (x86)/atollic/truestudio for stm32 9.3.0/armtools/bin/../lib/gcc/arm-atollic-eabi/6.3.1/armv6-m/crti.o
                0x0800291c                _init
 .init          0x08002920        0x8 c:/program files (x86)/atollic/truestudio for stm32 9.3.0/armtools/bin/../lib/gcc/arm-atollic-eabi/6.3.1/armv6-m/crtn.o
 *(.fini)
 .fini          0x08002928        0x4 c:/program files (x86)/atollic/truestudio for stm32 9.3.0/armtools/bin/../lib/gcc/arm-atollic-eabi/6.3.1/armv6-m/crti.o
                0x08002928                _fini
 .fini          0x0800292c        0x8 c:/program files (x86)/atollic/truestudio for stm32 9.3.0/armtools/bin/../lib/gcc/arm-atollic-eabi/6.3.1/armv6-m/crtn.o
                0x08002934                . = ALIGN (0x4)
                0x08002934                _etext = .

.vfp11_veneer   0x08002934        0x0
 .vfp11_veneer  0x08002934        0x0 linker stubs

.v4_bx          0x08002934        0x0
 .v4_bx         0x08002934        0x0 linker stubs

.iplt           0x08002934        0x0
 .iplt          0x08002934        0x0 c:/program files (x86)/atollic/truestudio for stm32 9.3.0/armtools/bin/../lib/gcc/arm-atollic-eabi/6.3.1/armv6-m/crtbegin.o

.rodata         0x08002934       0x94
                0x08002934                . = ALIGN (0x4)
 *(.rodata)
 .rodata        0x08002934        0x2 src\main.o
 *fill*         0x08002936        0x2 
 .rodata        0x08002938       0x40 c:/program files (x86)/atollic/truestudio for stm32 9.3.0/armtools/bin/../lib/gcc/arm-atollic-eabi/6.3.1/armv6-m\libgcc.a(divdf3.o)
 .rodata        0x08002978       0x40 c:/program files (x86)/atollic/truestudio for stm32 9.3.0/armtools/bin/../lib/gcc/arm-atollic-eabi/6.3.1/armv6-m\libgcc.a(muldf3.o)
 *(.rodata*)
 .rodata.AHBPrescTable
                0x080029b8       0x10 src\system_stm32f0xx.o
                0x080029b8                AHBPrescTable
                0x080029c8                . = ALIGN (0x4)

.rel.dyn        0x080029c8        0x0
 .rel.iplt      0x080029c8        0x0 c:/program files (x86)/atollic/truestudio for stm32 9.3.0/armtools/bin/../lib/gcc/arm-atollic-eabi/6.3.1/armv6-m/crtbegin.o

.ARM.extab
 *(.ARM.extab* .gnu.linkonce.armextab.*)

.ARM            0x080029c8        0x0
                0x080029c8                __exidx_start = .
 *(.ARM.exidx*)
                0x080029c8                __exidx_end = .

.preinit_array  0x080029c8        0x0
                0x080029c8                PROVIDE (__preinit_array_start, .)
 *(.preinit_array*)
                0x080029c8                PROVIDE (__preinit_array_end, .)

.init_array     0x080029c8        0x4
                0x080029c8                PROVIDE (__init_array_start, .)
 *(SORT(.init_array.*))
 *(.init_array*)
 .init_array    0x080029c8        0x4 c:/program files (x86)/atollic/truestudio for stm32 9.3.0/armtools/bin/../lib/gcc/arm-atollic-eabi/6.3.1/armv6-m/crtbegin.o
                0x080029cc                PROVIDE (__init_array_end, .)

.fini_array     0x080029cc        0x4
                [!provide]                PROVIDE (__fini_array_start, .)
 *(SORT(.fini_array.*))
 *(.fini_array*)
 .fini_array    0x080029cc        0x4 c:/program files (x86)/atollic/truestudio for stm32 9.3.0/armtools/bin/../lib/gcc/arm-atollic-eabi/6.3.1/armv6-m/crtbegin.o
                [!provide]                PROVIDE (__fini_array_end, .)
                0x080029d0                _sidata = LOADADDR (.data)

.data           0x20000000       0x18 load address 0x080029d0
                0x20000000                . = ALIGN (0x4)
                0x20000000                _sdata = .
 *(.data)
 *(.data*)
 .data.BPMmax   0x20000000        0x4 src\main.o
                0x20000000                BPMmax
 .data.motorStepsPerRev
                0x20000004        0x4 src\main.o
                0x20000004                motorStepsPerRev
 .data.gearRatio
                0x20000008        0x4 src\main.o
                0x20000008                gearRatio
 .data.pauseDelayms
                0x2000000c        0x4 src\main.o
                0x2000000c                pauseDelayms
 .data.plateuDelayms
                0x20000010        0x4 src\main.o
                0x20000010                plateuDelayms
 .data.SystemCoreClock
                0x20000014        0x4 src\system_stm32f0xx.o
                0x20000014                SystemCoreClock
                0x20000018                . = ALIGN (0x4)
                0x20000018                _edata = .

.igot.plt       0x20000018        0x0 load address 0x080029e8
 .igot.plt      0x20000018        0x0 c:/program files (x86)/atollic/truestudio for stm32 9.3.0/armtools/bin/../lib/gcc/arm-atollic-eabi/6.3.1/armv6-m/crtbegin.o
                0x20000018                . = ALIGN (0x4)

.bss            0x20000018       0x88 load address 0x080029e8
                0x20000018                _sbss = .
                0x20000018                __bss_start__ = _sbss
 *(.bss)
 .bss           0x20000018       0x1c c:/program files (x86)/atollic/truestudio for stm32 9.3.0/armtools/bin/../lib/gcc/arm-atollic-eabi/6.3.1/armv6-m/crtbegin.o
 *(.bss*)
 .bss.uartFrequency
                0x20000034        0x4 src\main.o
                0x20000034                uartFrequency
 *(COMMON)
 COMMON         0x20000038       0x68 src\main.o
                0x20000038                ARR_top
                0x20000040                uartCounter
                0x20000044                load_cell_1
                0x20000048                BPM_control
                0x20000050                state
                0x20000054                tidalInputSteps
                0x20000058                tidalStepMultiplier
                0x2000005c                peep_pressure
                0x20000060                tidalCounter
                0x20000064                UART_counter
                0x20000068                volume_control
                0x20000070                bellow_pressure
                0x20000078                ARR_bottom
                0x20000080                load_cell_2
                0x20000088                ARR_Val
                0x20000090                pauseDelayCounter
                0x20000094                directionIndicator
                0x20000098                flow_sensor
                0x2000009c                pauseDelay
                0x200000a0                . = ALIGN (0x4)
                0x200000a0                _ebss = .
                0x200000a0                __bss_end__ = _ebss

._user_heap_stack
                0x200000a0       0x80 load address 0x080029e8
                0x200000a0                . = ALIGN (0x4)
                [!provide]                PROVIDE (end, .)
                [!provide]                PROVIDE (_end, .)
                0x200000a0                . = (. + _Min_Heap_Size)
                0x20000120                . = (. + _Min_Stack_Size)
 *fill*         0x200000a0       0x80 
                0x20000120                . = ALIGN (0x4)

.memory_b1_text
 *(.mb1text)
 *(.mb1text*)
 *(.mb1rodata)
 *(.mb1rodata*)

/DISCARD/
 libc.a(*)
 libm.a(*)
 libgcc.a(*)

.ARM.attributes
                0x00000000       0x28
 *(.ARM.attributes)
 .ARM.attributes
                0x00000000       0x1e c:/program files (x86)/atollic/truestudio for stm32 9.3.0/armtools/bin/../lib/gcc/arm-atollic-eabi/6.3.1/armv6-m/crti.o
 .ARM.attributes
                0x0000001e       0x2c c:/program files (x86)/atollic/truestudio for stm32 9.3.0/armtools/bin/../lib/gcc/arm-atollic-eabi/6.3.1/armv6-m/crtbegin.o
 .ARM.attributes
                0x0000004a       0x31 src\Library.o
 .ARM.attributes
                0x0000007b       0x31 src\main.o
 .ARM.attributes
                0x000000ac       0x21 src\startup_stm32f051x8.o
 .ARM.attributes
                0x000000cd       0x31 src\stm32f0xx_exti.o
 .ARM.attributes
                0x000000fe       0x31 src\system_stm32f0xx.o
 .ARM.attributes
                0x0000012f       0x2c c:/program files (x86)/atollic/truestudio for stm32 9.3.0/armtools/bin/../lib/gcc/arm-atollic-eabi/6.3.1/../../../../arm-atollic-eabi/lib/armv6-m\libc_nano.a(lib_a-init.o)
 .ARM.attributes
                0x0000015b       0x1e c:/program files (x86)/atollic/truestudio for stm32 9.3.0/armtools/bin/../lib/gcc/arm-atollic-eabi/6.3.1/armv6-m\libgcc.a(_udivsi3.o)
 .ARM.attributes
                0x00000179       0x1e c:/program files (x86)/atollic/truestudio for stm32 9.3.0/armtools/bin/../lib/gcc/arm-atollic-eabi/6.3.1/armv6-m\libgcc.a(_divsi3.o)
 .ARM.attributes
                0x00000197       0x1e c:/program files (x86)/atollic/truestudio for stm32 9.3.0/armtools/bin/../lib/gcc/arm-atollic-eabi/6.3.1/armv6-m\libgcc.a(_dvmd_tls.o)
 .ARM.attributes
                0x000001b5       0x1e c:/program files (x86)/atollic/truestudio for stm32 9.3.0/armtools/bin/../lib/gcc/arm-atollic-eabi/6.3.1/armv6-m\libgcc.a(_arm_cmpdf2.o)
 .ARM.attributes
                0x000001d3       0x2c c:/program files (x86)/atollic/truestudio for stm32 9.3.0/armtools/bin/../lib/gcc/arm-atollic-eabi/6.3.1/armv6-m\libgcc.a(_fixunsdfsi.o)
 .ARM.attributes
                0x000001ff       0x2c c:/program files (x86)/atollic/truestudio for stm32 9.3.0/armtools/bin/../lib/gcc/arm-atollic-eabi/6.3.1/armv6-m\libgcc.a(divdf3.o)
 .ARM.attributes
                0x0000022b       0x2c c:/program files (x86)/atollic/truestudio for stm32 9.3.0/armtools/bin/../lib/gcc/arm-atollic-eabi/6.3.1/armv6-m\libgcc.a(eqdf2.o)
 .ARM.attributes
                0x00000257       0x2c c:/program files (x86)/atollic/truestudio for stm32 9.3.0/armtools/bin/../lib/gcc/arm-atollic-eabi/6.3.1/armv6-m\libgcc.a(gedf2.o)
 .ARM.attributes
                0x00000283       0x2c c:/program files (x86)/atollic/truestudio for stm32 9.3.0/armtools/bin/../lib/gcc/arm-atollic-eabi/6.3.1/armv6-m\libgcc.a(ledf2.o)
 .ARM.attributes
                0x000002af       0x2c c:/program files (x86)/atollic/truestudio for stm32 9.3.0/armtools/bin/../lib/gcc/arm-atollic-eabi/6.3.1/armv6-m\libgcc.a(muldf3.o)
 .ARM.attributes
                0x000002db       0x2c c:/program files (x86)/atollic/truestudio for stm32 9.3.0/armtools/bin/../lib/gcc/arm-atollic-eabi/6.3.1/armv6-m\libgcc.a(subdf3.o)
 .ARM.attributes
                0x00000307       0x2c c:/program files (x86)/atollic/truestudio for stm32 9.3.0/armtools/bin/../lib/gcc/arm-atollic-eabi/6.3.1/armv6-m\libgcc.a(fixdfsi.o)
 .ARM.attributes
                0x00000333       0x2c c:/program files (x86)/atollic/truestudio for stm32 9.3.0/armtools/bin/../lib/gcc/arm-atollic-eabi/6.3.1/armv6-m\libgcc.a(floatsidf.o)
 .ARM.attributes
                0x0000035f       0x1e c:/program files (x86)/atollic/truestudio for stm32 9.3.0/armtools/bin/../lib/gcc/arm-atollic-eabi/6.3.1/armv6-m\libgcc.a(_clzsi2.o)
 .ARM.attributes
                0x0000037d       0x1e c:/program files (x86)/atollic/truestudio for stm32 9.3.0/armtools/bin/../lib/gcc/arm-atollic-eabi/6.3.1/armv6-m/crtn.o
OUTPUT(AetherNew.elf elf32-littlearm)

.debug_info     0x00000000     0x187a
 .debug_info    0x00000000      0xad6 src\Library.o
 .debug_info    0x00000ad6      0x6a3 src\main.o
 .debug_info    0x00001179       0xd8 src\startup_stm32f051x8.o
 .debug_info    0x00001251      0x3df src\stm32f0xx_exti.o
 .debug_info    0x00001630      0x24a src\system_stm32f0xx.o

.debug_abbrev   0x00000000      0x6af
 .debug_abbrev  0x00000000      0x246 src\Library.o
 .debug_abbrev  0x00000246      0x175 src\main.o
 .debug_abbrev  0x000003bb       0x12 src\startup_stm32f051x8.o
 .debug_abbrev  0x000003cd      0x1e5 src\stm32f0xx_exti.o
 .debug_abbrev  0x000005b2       0xfd src\system_stm32f0xx.o

.debug_aranges  0x00000000      0x1f8
 .debug_aranges
                0x00000000       0xc0 src\Library.o
 .debug_aranges
                0x000000c0       0x90 src\main.o
 .debug_aranges
                0x00000150       0x28 src\startup_stm32f051x8.o
 .debug_aranges
                0x00000178       0x58 src\stm32f0xx_exti.o
 .debug_aranges
                0x000001d0       0x28 src\system_stm32f0xx.o

.debug_ranges   0x00000000      0x1b0
 .debug_ranges  0x00000000       0xb0 src\Library.o
 .debug_ranges  0x000000b0       0x80 src\main.o
 .debug_ranges  0x00000130       0x20 src\startup_stm32f051x8.o
 .debug_ranges  0x00000150       0x48 src\stm32f0xx_exti.o
 .debug_ranges  0x00000198       0x18 src\system_stm32f0xx.o

.debug_line     0x00000000      0xcac
 .debug_line    0x00000000      0x3f7 src\Library.o
 .debug_line    0x000003f7      0x2fd src\main.o
 .debug_line    0x000006f4       0x7f src\startup_stm32f051x8.o
 .debug_line    0x00000773      0x381 src\stm32f0xx_exti.o
 .debug_line    0x00000af4      0x1b8 src\system_stm32f0xx.o

.debug_str      0x00000000      0xb1d
 .debug_str     0x00000000      0x6d4 src\Library.o
                                0x747 (size before relaxing)
 .debug_str     0x000006d4      0x22e src\main.o
                                0x527 (size before relaxing)
 .debug_str     0x00000902      0x1c1 src\stm32f0xx_exti.o
                                0x426 (size before relaxing)
 .debug_str     0x00000ac3       0x5a src\system_stm32f0xx.o
                                0x2c7 (size before relaxing)

.comment        0x00000000       0x7c
 .comment       0x00000000       0x7c src\Library.o
                                 0x7d (size before relaxing)
 .comment       0x0000007c       0x7d src\main.o
 .comment       0x0000007c       0x7d src\stm32f0xx_exti.o
 .comment       0x0000007c       0x7d src\system_stm32f0xx.o

.debug_frame    0x00000000      0x804
 .debug_frame   0x00000000      0x28c src\Library.o
 .debug_frame   0x0000028c      0x1d8 src\main.o
 .debug_frame   0x00000464      0x10c src\stm32f0xx_exti.o
 .debug_frame   0x00000570       0x4c src\system_stm32f0xx.o
 .debug_frame   0x000005bc       0x2c c:/program files (x86)/atollic/truestudio for stm32 9.3.0/armtools/bin/../lib/gcc/arm-atollic-eabi/6.3.1/../../../../arm-atollic-eabi/lib/armv6-m\libc_nano.a(lib_a-init.o)
 .debug_frame   0x000005e8       0x20 c:/program files (x86)/atollic/truestudio for stm32 9.3.0/armtools/bin/../lib/gcc/arm-atollic-eabi/6.3.1/armv6-m\libgcc.a(_udivsi3.o)
 .debug_frame   0x00000608       0x20 c:/program files (x86)/atollic/truestudio for stm32 9.3.0/armtools/bin/../lib/gcc/arm-atollic-eabi/6.3.1/armv6-m\libgcc.a(_divsi3.o)
 .debug_frame   0x00000628       0x2c c:/program files (x86)/atollic/truestudio for stm32 9.3.0/armtools/bin/../lib/gcc/arm-atollic-eabi/6.3.1/armv6-m\libgcc.a(_fixunsdfsi.o)
 .debug_frame   0x00000654       0x3c c:/program files (x86)/atollic/truestudio for stm32 9.3.0/armtools/bin/../lib/gcc/arm-atollic-eabi/6.3.1/armv6-m\libgcc.a(divdf3.o)
 .debug_frame   0x00000690       0x38 c:/program files (x86)/atollic/truestudio for stm32 9.3.0/armtools/bin/../lib/gcc/arm-atollic-eabi/6.3.1/armv6-m\libgcc.a(eqdf2.o)
 .debug_frame   0x000006c8       0x38 c:/program files (x86)/atollic/truestudio for stm32 9.3.0/armtools/bin/../lib/gcc/arm-atollic-eabi/6.3.1/armv6-m\libgcc.a(gedf2.o)
 .debug_frame   0x00000700       0x38 c:/program files (x86)/atollic/truestudio for stm32 9.3.0/armtools/bin/../lib/gcc/arm-atollic-eabi/6.3.1/armv6-m\libgcc.a(ledf2.o)
 .debug_frame   0x00000738       0x3c c:/program files (x86)/atollic/truestudio for stm32 9.3.0/armtools/bin/../lib/gcc/arm-atollic-eabi/6.3.1/armv6-m\libgcc.a(muldf3.o)
 .debug_frame   0x00000774       0x38 c:/program files (x86)/atollic/truestudio for stm32 9.3.0/armtools/bin/../lib/gcc/arm-atollic-eabi/6.3.1/armv6-m\libgcc.a(subdf3.o)
 .debug_frame   0x000007ac       0x2c c:/program files (x86)/atollic/truestudio for stm32 9.3.0/armtools/bin/../lib/gcc/arm-atollic-eabi/6.3.1/armv6-m\libgcc.a(fixdfsi.o)
 .debug_frame   0x000007d8       0x2c c:/program files (x86)/atollic/truestudio for stm32 9.3.0/armtools/bin/../lib/gcc/arm-atollic-eabi/6.3.1/armv6-m\libgcc.a(floatsidf.o)

.stabstr        0x00000000       0x3f
 .stabstr       0x00000000       0x3f c:/program files (x86)/atollic/truestudio for stm32 9.3.0/armtools/bin/../lib/gcc/arm-atollic-eabi/6.3.1/../../../../arm-atollic-eabi/lib/armv6-m\libnosys.a(write.o)

Cross Reference Table

Symbol                                            File
ADC1_COMP_IRQHandler                              src\startup_stm32f051x8.o
ADC_AWD_8bit                                      src\Library.o
ADC_AWD_check                                     src\Library.o
ADC_DATA                                          src\Library.o
ADC_input                                         src\Library.o
                                                  src\main.o
AHBPrescTable                                     src\system_stm32f0xx.o
APBPrescTable                                     src\system_stm32f0xx.o
ARR_Val                                           src\main.o
ARR_bottom                                        src\main.o
ARR_top                                           src\main.o
BPM_control                                       src\main.o
BPMmax                                            src\main.o
CEC_CAN_IRQHandler                                src\startup_stm32f051x8.o
DMA1_Channel1_IRQHandler                          src\startup_stm32f051x8.o
DMA1_Channel2_3_IRQHandler                        src\startup_stm32f051x8.o
DMA1_Channel4_5_IRQHandler                        src\startup_stm32f051x8.o
Default_Handler                                   src\startup_stm32f051x8.o
EXTI0_1_IRQHandler                                src\main.o
EXTI2_3_IRQHandler                                src\startup_stm32f051x8.o
EXTI4_15_IRQHandler                               src\startup_stm32f051x8.o
EXTI_ClearFlag                                    src\stm32f0xx_exti.o
EXTI_ClearITPendingBit                            src\stm32f0xx_exti.o
                                                  src\main.o
EXTI_DeInit                                       src\stm32f0xx_exti.o
EXTI_GenerateSWInterrupt                          src\stm32f0xx_exti.o
EXTI_GetFlagStatus                                src\stm32f0xx_exti.o
EXTI_GetITStatus                                  src\stm32f0xx_exti.o
                                                  src\main.o
EXTI_Init                                         src\stm32f0xx_exti.o
EXTI_StructInit                                   src\stm32f0xx_exti.o
EXTI_state_1                                      src\main.o
EXTI_state_2                                      src\main.o
FLASH_IRQHandler                                  src\startup_stm32f051x8.o
HardFault_Handler                                 src\startup_stm32f051x8.o
I2C1_IRQHandler                                   src\startup_stm32f051x8.o
I2C2_IRQHandler                                   src\startup_stm32f051x8.o
NMI_Handler                                       src\startup_stm32f051x8.o
PVD_IRQHandler                                    src\startup_stm32f051x8.o
PWM                                               src\Library.o
PWMupdate                                         src\main.o
PendSV_Handler                                    src\startup_stm32f051x8.o
RCC_CRS_IRQHandler                                src\startup_stm32f051x8.o
RTC_IRQHandler                                    src\startup_stm32f051x8.o
Reset_Handler                                     src\startup_stm32f051x8.o
SPI1_IRQHandler                                   src\startup_stm32f051x8.o
SPI2_IRQHandler                                   src\startup_stm32f051x8.o
SVC_Handler                                       src\startup_stm32f051x8.o
SysTick_Handler                                   src\startup_stm32f051x8.o
SystemCoreClock                                   src\system_stm32f0xx.o
                                                  src\Library.o
SystemCoreClockUpdate                             src\system_stm32f0xx.o
                                                  src\main.o
                                                  src\Library.o
SystemInit                                        src\system_stm32f0xx.o
                                                  src\startup_stm32f051x8.o
TIM14_IRQHandler                                  src\startup_stm32f051x8.o
TIM15_IRQHandler                                  src\startup_stm32f051x8.o
TIM16_IRQHandler                                  src\startup_stm32f051x8.o
TIM17_IRQHandler                                  src\startup_stm32f051x8.o
TIM1_BRK_UP_TRG_COM_IRQHandler                    src\startup_stm32f051x8.o
TIM1_CC_IRQHandler                                src\startup_stm32f051x8.o
TIM2_IRQHandler                                   src\startup_stm32f051x8.o
TIM3_IRQHandler                                   src\startup_stm32f051x8.o
TIM6_DAC_IRQHandler                               src\main.o
TSC_IRQHandler                                    src\startup_stm32f051x8.o
UART_counter                                      src\main.o
UARTdelay                                         src\main.o
USART1_IRQHandler                                 src\startup_stm32f051x8.o
USART1_receive                                    src\Library.o
USART1_transmit                                   src\Library.o
                                                  src\main.o
USART2_IRQHandler                                 src\startup_stm32f051x8.o
WWDG_IRQHandler                                   src\startup_stm32f051x8.o
__aeabi_cdcmpeq                                   c:/program files (x86)/atollic/truestudio for stm32 9.3.0/armtools/bin/../lib/gcc/arm-atollic-eabi/6.3.1/armv6-m\libgcc.a(_arm_cmpdf2.o)
__aeabi_cdcmple                                   c:/program files (x86)/atollic/truestudio for stm32 9.3.0/armtools/bin/../lib/gcc/arm-atollic-eabi/6.3.1/armv6-m\libgcc.a(_arm_cmpdf2.o)
__aeabi_cdrcmple                                  c:/program files (x86)/atollic/truestudio for stm32 9.3.0/armtools/bin/../lib/gcc/arm-atollic-eabi/6.3.1/armv6-m\libgcc.a(_arm_cmpdf2.o)
__aeabi_d2iz                                      c:/program files (x86)/atollic/truestudio for stm32 9.3.0/armtools/bin/../lib/gcc/arm-atollic-eabi/6.3.1/armv6-m\libgcc.a(fixdfsi.o)
                                                  c:/program files (x86)/atollic/truestudio for stm32 9.3.0/armtools/bin/../lib/gcc/arm-atollic-eabi/6.3.1/armv6-m\libgcc.a(_fixunsdfsi.o)
                                                  src\main.o
                                                  src\ftoa.o
__aeabi_d2uiz                                     c:/program files (x86)/atollic/truestudio for stm32 9.3.0/armtools/bin/../lib/gcc/arm-atollic-eabi/6.3.1/armv6-m\libgcc.a(_fixunsdfsi.o)
                                                  src\main.o
                                                  src\ftoa.o
__aeabi_dadd                                      c:/program files (x86)/atollic/truestudio for stm32 9.3.0/armtools/bin/../lib/gcc/arm-atollic-eabi/6.3.1/armv6-m\libgcc.a(adddf3.o)
                                                  src\ftoa.o
__aeabi_dcmpeq                                    c:/program files (x86)/atollic/truestudio for stm32 9.3.0/armtools/bin/../lib/gcc/arm-atollic-eabi/6.3.1/armv6-m\libgcc.a(_arm_cmpdf2.o)
__aeabi_dcmpge                                    c:/program files (x86)/atollic/truestudio for stm32 9.3.0/armtools/bin/../lib/gcc/arm-atollic-eabi/6.3.1/armv6-m\libgcc.a(_arm_cmpdf2.o)
                                                  c:/program files (x86)/atollic/truestudio for stm32 9.3.0/armtools/bin/../lib/gcc/arm-atollic-eabi/6.3.1/armv6-m\libgcc.a(_fixunsdfsi.o)
__aeabi_dcmpgt                                    c:/program files (x86)/atollic/truestudio for stm32 9.3.0/armtools/bin/../lib/gcc/arm-atollic-eabi/6.3.1/armv6-m\libgcc.a(_arm_cmpdf2.o)
__aeabi_dcmple                                    c:/program files (x86)/atollic/truestudio for stm32 9.3.0/armtools/bin/../lib/gcc/arm-atollic-eabi/6.3.1/armv6-m\libgcc.a(_arm_cmpdf2.o)
                                                  src\main.o
__aeabi_dcmplt                                    c:/program files (x86)/atollic/truestudio for stm32 9.3.0/armtools/bin/../lib/gcc/arm-atollic-eabi/6.3.1/armv6-m\libgcc.a(_arm_cmpdf2.o)
                                                  src\ftoa.o
__aeabi_ddiv                                      c:/program files (x86)/atollic/truestudio for stm32 9.3.0/armtools/bin/../lib/gcc/arm-atollic-eabi/6.3.1/armv6-m\libgcc.a(divdf3.o)
                                                  src\main.o
__aeabi_dmul                                      c:/program files (x86)/atollic/truestudio for stm32 9.3.0/armtools/bin/../lib/gcc/arm-atollic-eabi/6.3.1/armv6-m\libgcc.a(muldf3.o)
                                                  src\main.o
                                                  src\ftoa.o
__aeabi_dsub                                      c:/program files (x86)/atollic/truestudio for stm32 9.3.0/armtools/bin/../lib/gcc/arm-atollic-eabi/6.3.1/armv6-m\libgcc.a(subdf3.o)
                                                  c:/program files (x86)/atollic/truestudio for stm32 9.3.0/armtools/bin/../lib/gcc/arm-atollic-eabi/6.3.1/armv6-m\libgcc.a(_fixunsdfsi.o)
                                                  src\main.o
                                                  src\ftoa.o
__aeabi_i2d                                       c:/program files (x86)/atollic/truestudio for stm32 9.3.0/armtools/bin/../lib/gcc/arm-atollic-eabi/6.3.1/armv6-m\libgcc.a(floatsidf.o)
                                                  src\main.o
                                                  src\ftoa.o
__aeabi_idiv                                      c:/program files (x86)/atollic/truestudio for stm32 9.3.0/armtools/bin/../lib/gcc/arm-atollic-eabi/6.3.1/armv6-m\libgcc.a(_divsi3.o)
                                                  src\tiny_printf.o
                                                  src\main.o
                                                  src\ftoa.o
__aeabi_idiv0                                     c:/program files (x86)/atollic/truestudio for stm32 9.3.0/armtools/bin/../lib/gcc/arm-atollic-eabi/6.3.1/armv6-m\libgcc.a(_dvmd_tls.o)
                                                  c:/program files (x86)/atollic/truestudio for stm32 9.3.0/armtools/bin/../lib/gcc/arm-atollic-eabi/6.3.1/armv6-m\libgcc.a(_divsi3.o)
                                                  c:/program files (x86)/atollic/truestudio for stm32 9.3.0/armtools/bin/../lib/gcc/arm-atollic-eabi/6.3.1/armv6-m\libgcc.a(_udivsi3.o)
__aeabi_idivmod                                   c:/program files (x86)/atollic/truestudio for stm32 9.3.0/armtools/bin/../lib/gcc/arm-atollic-eabi/6.3.1/armv6-m\libgcc.a(_divsi3.o)
                                                  src\ftoa.o
__aeabi_ldiv0                                     c:/program files (x86)/atollic/truestudio for stm32 9.3.0/armtools/bin/../lib/gcc/arm-atollic-eabi/6.3.1/armv6-m\libgcc.a(_dvmd_tls.o)
__aeabi_uidiv                                     c:/program files (x86)/atollic/truestudio for stm32 9.3.0/armtools/bin/../lib/gcc/arm-atollic-eabi/6.3.1/armv6-m\libgcc.a(_udivsi3.o)
                                                  c:/program files (x86)/atollic/truestudio for stm32 9.3.0/armtools/bin/../lib/gcc/arm-atollic-eabi/6.3.1/armv6-m\libgcc.a(divdf3.o)
                                                  src\tiny_printf.o
                                                  src\system_stm32f0xx.o
                                                  src\Library.o
__aeabi_uidivmod                                  c:/program files (x86)/atollic/truestudio for stm32 9.3.0/armtools/bin/../lib/gcc/arm-atollic-eabi/6.3.1/armv6-m\libgcc.a(_udivsi3.o)
                                                  c:/program files (x86)/atollic/truestudio for stm32 9.3.0/armtools/bin/../lib/gcc/arm-atollic-eabi/6.3.1/armv6-m\libgcc.a(divdf3.o)
                                                  src\tiny_printf.o
__clzsi2                                          c:/program files (x86)/atollic/truestudio for stm32 9.3.0/armtools/bin/../lib/gcc/arm-atollic-eabi/6.3.1/armv6-m\libgcc.a(_clzsi2.o)
                                                  c:/program files (x86)/atollic/truestudio for stm32 9.3.0/armtools/bin/../lib/gcc/arm-atollic-eabi/6.3.1/armv6-m\libgcc.a(floatsidf.o)
                                                  c:/program files (x86)/atollic/truestudio for stm32 9.3.0/armtools/bin/../lib/gcc/arm-atollic-eabi/6.3.1/armv6-m\libgcc.a(subdf3.o)
                                                  c:/program files (x86)/atollic/truestudio for stm32 9.3.0/armtools/bin/../lib/gcc/arm-atollic-eabi/6.3.1/armv6-m\libgcc.a(muldf3.o)
                                                  c:/program files (x86)/atollic/truestudio for stm32 9.3.0/armtools/bin/../lib/gcc/arm-atollic-eabi/6.3.1/armv6-m\libgcc.a(divdf3.o)
                                                  c:/program files (x86)/atollic/truestudio for stm32 9.3.0/armtools/bin/../lib/gcc/arm-atollic-eabi/6.3.1/armv6-m\libgcc.a(adddf3.o)
__deregister_frame_info                           c:/program files (x86)/atollic/truestudio for stm32 9.3.0/armtools/bin/../lib/gcc/arm-atollic-eabi/6.3.1/armv6-m/crtbegin.o
__divsi3                                          c:/program files (x86)/atollic/truestudio for stm32 9.3.0/armtools/bin/../lib/gcc/arm-atollic-eabi/6.3.1/armv6-m\libgcc.a(_divsi3.o)
__dso_handle                                      c:/program files (x86)/atollic/truestudio for stm32 9.3.0/armtools/bin/../lib/gcc/arm-atollic-eabi/6.3.1/armv6-m/crtbegin.o
__eqdf2                                           c:/program files (x86)/atollic/truestudio for stm32 9.3.0/armtools/bin/../lib/gcc/arm-atollic-eabi/6.3.1/armv6-m\libgcc.a(eqdf2.o)
                                                  c:/program files (x86)/atollic/truestudio for stm32 9.3.0/armtools/bin/../lib/gcc/arm-atollic-eabi/6.3.1/armv6-m\libgcc.a(_arm_cmpdf2.o)
__fixunsdfsi                                      c:/program files (x86)/atollic/truestudio for stm32 9.3.0/armtools/bin/../lib/gcc/arm-atollic-eabi/6.3.1/armv6-m\libgcc.a(_fixunsdfsi.o)
__gedf2                                           c:/program files (x86)/atollic/truestudio for stm32 9.3.0/armtools/bin/../lib/gcc/arm-atollic-eabi/6.3.1/armv6-m\libgcc.a(gedf2.o)
                                                  c:/program files (x86)/atollic/truestudio for stm32 9.3.0/armtools/bin/../lib/gcc/arm-atollic-eabi/6.3.1/armv6-m\libgcc.a(_arm_cmpdf2.o)
__gtdf2                                           c:/program files (x86)/atollic/truestudio for stm32 9.3.0/armtools/bin/../lib/gcc/arm-atollic-eabi/6.3.1/armv6-m\libgcc.a(gedf2.o)
__init_array_end                                  c:/program files (x86)/atollic/truestudio for stm32 9.3.0/armtools/bin/../lib/gcc/arm-atollic-eabi/6.3.1/../../../../arm-atollic-eabi/lib/armv6-m\libc_nano.a(lib_a-init.o)
__init_array_start                                c:/program files (x86)/atollic/truestudio for stm32 9.3.0/armtools/bin/../lib/gcc/arm-atollic-eabi/6.3.1/../../../../arm-atollic-eabi/lib/armv6-m\libc_nano.a(lib_a-init.o)
__ledf2                                           c:/program files (x86)/atollic/truestudio for stm32 9.3.0/armtools/bin/../lib/gcc/arm-atollic-eabi/6.3.1/armv6-m\libgcc.a(ledf2.o)
                                                  c:/program files (x86)/atollic/truestudio for stm32 9.3.0/armtools/bin/../lib/gcc/arm-atollic-eabi/6.3.1/armv6-m\libgcc.a(_arm_cmpdf2.o)
__libc_init_array                                 c:/program files (x86)/atollic/truestudio for stm32 9.3.0/armtools/bin/../lib/gcc/arm-atollic-eabi/6.3.1/../../../../arm-atollic-eabi/lib/armv6-m\libc_nano.a(lib_a-init.o)
                                                  src\startup_stm32f051x8.o
__ltdf2                                           c:/program files (x86)/atollic/truestudio for stm32 9.3.0/armtools/bin/../lib/gcc/arm-atollic-eabi/6.3.1/armv6-m\libgcc.a(ledf2.o)
__nedf2                                           c:/program files (x86)/atollic/truestudio for stm32 9.3.0/armtools/bin/../lib/gcc/arm-atollic-eabi/6.3.1/armv6-m\libgcc.a(eqdf2.o)
__preinit_array_end                               c:/program files (x86)/atollic/truestudio for stm32 9.3.0/armtools/bin/../lib/gcc/arm-atollic-eabi/6.3.1/../../../../arm-atollic-eabi/lib/armv6-m\libc_nano.a(lib_a-init.o)
__preinit_array_start                             c:/program files (x86)/atollic/truestudio for stm32 9.3.0/armtools/bin/../lib/gcc/arm-atollic-eabi/6.3.1/../../../../arm-atollic-eabi/lib/armv6-m\libc_nano.a(lib_a-init.o)
__register_frame_info                             c:/program files (x86)/atollic/truestudio for stm32 9.3.0/armtools/bin/../lib/gcc/arm-atollic-eabi/6.3.1/armv6-m/crtbegin.o
__udivsi3                                         c:/program files (x86)/atollic/truestudio for stm32 9.3.0/armtools/bin/../lib/gcc/arm-atollic-eabi/6.3.1/armv6-m\libgcc.a(_udivsi3.o)
_ebss                                             src\startup_stm32f051x8.o
_edata                                            src\startup_stm32f051x8.o
_estack                                           src\startup_stm32f051x8.o
_fini                                             c:/program files (x86)/atollic/truestudio for stm32 9.3.0/armtools/bin/../lib/gcc/arm-atollic-eabi/6.3.1/armv6-m/crti.o
_init                                             c:/program files (x86)/atollic/truestudio for stm32 9.3.0/armtools/bin/../lib/gcc/arm-atollic-eabi/6.3.1/armv6-m/crti.o
                                                  c:/program files (x86)/atollic/truestudio for stm32 9.3.0/armtools/bin/../lib/gcc/arm-atollic-eabi/6.3.1/../../../../arm-atollic-eabi/lib/armv6-m\libc_nano.a(lib_a-init.o)
_sbss                                             src\startup_stm32f051x8.o
_sdata                                            src\startup_stm32f051x8.o
_sidata                                           src\startup_stm32f051x8.o
_write                                            c:/program files (x86)/atollic/truestudio for stm32 9.3.0/armtools/bin/../lib/gcc/arm-atollic-eabi/6.3.1/../../../../arm-atollic-eabi/lib/armv6-m\libnosys.a(write.o)
                                                  src\tiny_printf.o
assert_param                                      src\stm32f0xx_exti.o
bellow_pressure                                   src\main.o
delay                                             src\lcd_stm32f0.o
directionIndicator                                src\main.o
errno                                             c:/program files (x86)/atollic/truestudio for stm32 9.3.0/armtools/bin/../lib/gcc/arm-atollic-eabi/6.3.1/../../../../arm-atollic-eabi/lib/armv6-m\libnosys.a(errno.o)
                                                  c:/program files (x86)/atollic/truestudio for stm32 9.3.0/armtools/bin/../lib/gcc/arm-atollic-eabi/6.3.1/../../../../arm-atollic-eabi/lib/armv6-m\libnosys.a(write.o)
fiprintf                                          src\tiny_printf.o
flow_sensor                                       src\main.o
fprintf                                           src\tiny_printf.o
fputs                                             src\tiny_printf.o
ftoa                                              src\ftoa.o
fwrite                                            src\tiny_printf.o
g_pfnVectors                                      src\startup_stm32f051x8.o
gearRatio                                         src\main.o
init_ADC                                          src\Library.o
                                                  src\main.o
init_EXTI                                         src\Library.o
                                                  src\main.o
init_LCD                                          src\lcd_stm32f0.o
init_PWM                                          src\Library.o
                                                  src\main.o
init_Ports                                        src\Library.o
                                                  src\main.o
initialiseValues                                  src\main.o
iprintf                                           src\tiny_printf.o
lcd_command                                       src\lcd_stm32f0.o
lcd_putchar                                       src\lcd_stm32f0.o
lcd_putstring                                     src\lcd_stm32f0.o
libs_ack_irq                                      src\Library.o
                                                  src\main.o
libs_check_button_GPIOA                           src\Library.o
                                                  src\main.o
libs_check_button_GPIOB                           src\Library.o
libs_debounce                                     src\Library.o
libs_delay                                        src\Library.o
libs_init_TIM6                                    src\Library.o
                                                  src\main.o
libs_init_USART1                                  src\Library.o
                                                  src\main.o
load_cell_1                                       src\main.o
load_cell_2                                       src\main.o
lock_crystal                                      src\Library.o
main                                              src\main.o
                                                  src\startup_stm32f051x8.o
motorStepsPerRev                                  src\main.o
newCounter                                        src\main.o
pauseDelay                                        src\main.o
pauseDelayCounter                                 src\main.o
pauseDelayms                                      src\main.o
peep_pressure                                     src\main.o
plateuDelayms                                     src\main.o
printf                                            src\tiny_printf.o
pulse_strobe                                      src\lcd_stm32f0.o
puts                                              src\tiny_printf.o
pwmInitialization                                 src\main.o
senesorCheck                                      src\main.o
sensorReadAndSend                                 src\main.o
siprintf                                          src\tiny_printf.o
sprintf                                           src\tiny_printf.o
state                                             src\main.o
state_0                                           src\main.o
state_1                                           src\main.o
state_2                                           src\main.o
strlen                                            c:/program files (x86)/atollic/truestudio for stm32 9.3.0/armtools/bin/../lib/gcc/arm-atollic-eabi/6.3.1/../../../../arm-atollic-eabi/lib/armv6-m\libc_nano.a(lib_a-strlen.o)
                                                  src\tiny_printf.o
tidalCounter                                      src\main.o
tidalInputSteps                                   src\main.o
tidalStepMultiplier                               src\main.o
tidalStepUpdate                                   src\main.o
ts_formatlength                                   src\tiny_printf.o
ts_formatstring                                   src\tiny_printf.o
ts_itoa                                           src\tiny_printf.o
uartCounter                                       src\main.o
uartFrequency                                     src\main.o
unlock_crystal                                    src\Library.o
volume_control                                    src\main.o
