core_cm0.h:629:22:NVIC_EnableIRQ	16	static
Library.c:13:6:delay_ms	24	static
Library.c:21:6:init_Ports	8	static
Library.c:54:6:init_PWM	8	static
Library.c:94:6:init_ADC	8	static
Library.c:102:5:ADC_input	16	static
Library.c:110:5:ADC_DATA	8	static
Library.c:118:5:libs_check_button	16	static
Library.c:127:6:libs_debounce	16	static
Library.c:134:6:libs_init_TIM6	16	static
Library.c:145:6:libs_TIM6_PSC	16	static
Library.c:149:6:libs_TIM6_ARR	16	static
Library.c:153:6:libs_ack_irq	8	static
Library.c:160:6:init_EXTI	8	static
